
R version 3.6.2 (2019-12-12) -- "Dark and Stormy Night"
Copyright (C) 2019 The R Foundation for Statistical Computing
Platform: x86_64-apple-darwin15.6.0 (64-bit)

R is free software and comes with ABSOLUTELY NO WARRANTY.
You are welcome to redistribute it under certain conditions.
Type 'license()' or 'licence()' for distribution details.

R is a collaborative project with many contributors.
Type 'contributors()' for more information and
'citation()' on how to cite R or R packages in publications.

Type 'demo()' for some demos, 'help()' for on-line help, or
'help.start()' for an HTML browser interface to help.
Type 'q()' to quit R.

> library("testthat")
> library("dplyr")

Attaching package: 'dplyr'

The following object is masked from 'package:testthat':

    matches

The following objects are masked from 'package:stats':

    filter, lag

The following objects are masked from 'package:base':

    intersect, setdiff, setequal, union

> library("dscore")
> 
> test_check("dscore")
══ testthat results  ═════════════════════════════════════════════════════════════════════════════════════════════════════════
[ OK: 8 | SKIPPED: 0 | WARNINGS: 0 | FAILED: 0 ]
> 
> proc.time()
   user  system elapsed 
  0.971   0.083   1.099 
